         600         602           9         512        2400         602           0
         319         306         305         316         315
         319         305         380         315         304
         317         380         392         304         602
         383         392         601         602         600
         155         601         544         600         139
         144         544         543         139         133
         146         543         231         133         132
         147         231         243         132         242
         203         243         182         242         180
         207         182         181         180         179
         301         316         315         296         314
         318         315         304         314         599
         316         304         602         599         598
         154         602         600         598         136
         155         600         139         136         138
         151         139         133         138         137
         151         133         132         137         131
         149         132         242         131         241
         205         242         180         241         184
         204         180         179         184         183
         303         296         314         295         597
         300         314         599         597         596
         153         599         598         596         142
         152         598         136         142         135
         159         136         138         135         134
         159         138         137         134         175
         150         137         131         175         174
         148         131         241         174         240
         196         241         184         240         239
         197         184         183         239         178
         303         295         597         595         594
         135         597         596         594         123
         135         596         142         123         141
         157         142         135         141         140
         156         135         134         140         172
         158         134         175         172         173
         160         175         174         173         145
         167         174         240         145         143
         167         240         239         143         238
         199         239         178         238         177
         133         595         594         554         130
         132         594         123         130         129
         134         123         141         129         124
         130         141         140         124         170
         131         140         172         170         171
         162         172         173         171         150
         161         173         145         150         144
         165         145         143         144         166
         166         143         238         166         237
         199         238         177         237         230
         136         554         130         555         127
         143         130         129         127         128
         128         129         124         128         168
         129         124         170         168         169
         175         170         171         169         147
         175         171         150         147         164
         163         150         144         164         163
         164         144         166         163         165
         181         166         237         165         236
         255         237         230         236         235
         138         555         127         271         126
         143         127         128         126         125
         142         128         168         125         167
         173         168         169         167         149
         172         169         147         149         148
         174         147         164         148         162
         183         164         163         162         151
         183         163         165         151         158
         180         165         236         158         159
         185         236         235         159         234
         139         271         126         270         269
         141         126         125         269         268
         140         125         167         268         267
         171         167         149         267         146
         169         149         148         146         160
         168         148         162         160         161
         176         162         151         161         156
         182         151         158         156         157
         187         158         159         157         152
         184         159         234         152         233
          55         270         269          37          38
          63         269         268          38          34
          62         268         267          34         266
         171         267         146         266         265
         170         146         160         265         264
         178         160         161         264         263
         177         161         156         263         155
         191         156         157         155         154
         187         157         152         154         153
         186         152         233         153         232
          61          37          38          36          35
          63          38          34          35          33
          59          34         266          33          32
          57         266         265          32          54
          56         265         264          54          53
           1         264         263          53         262
         179         263         155         262         261
         191         155         154         261         260
         190         154         153         260         259
         189         153         232         259         258
         207         181         199         179         198
         211         199         185         198         190
         209         185         192         190         191
         219         192         551         191         189
         219         551         553         189         187
         217         553         593         187         592
         367         593         542         592         591
         471         542         541         591         457
         469         541         459         457         458
         466         459         456         458         471
         206         179         198         183         197
         208         198         190         197         196
         223         190         191         196         188
         223         191         189         188         228
         218         189         187         228         227
         216         187         592         227         229
         231         592         591         229         590
         471         591         457         590         589
         470         457         458         589         470
         467         458         471         470         469
         198         183         197         178         176
         195         197         196         176         195
         221         196         188         195         225
         222         188         228         225         226
         239         228         227         226         208
         230         227         229         208         207
         231         229         590         207         201
         229         590         589         201         588
         455         589         470         588         587
         455         470         469         587         448
         193         178         176         177         223
         194         176         195         223         222
         220         195         225         222         224
         237         225         226         224         204
         239         226         208         204         203
         238         208         207         203         206
         228         207         201         206         200
         226         201         588         200         257
         227         588         587         257         586
         454         587         448         586         585
         192         177         223         230         221
         251         223         222         221         210
         251         222         224         210         220
         236         224         204         220         219
         235         204         203         219         202
         234         203         206         202         205
         224         206         200         205         256
         225         200         257         256         255
          95         257         586         255          68
          89         586         585          68         574
         249         230         221         235         212
         248         221         210         212         217
         250         210         220         217         216
         247         220         219         216         218
         235         219         202         218         254
         233         202         205         254         253
         232         205         256         253         252
          94         256         255         252          67
          95         255          68          67          66
          88          68         574          66         575
         255         235         212         234         211
         253         212         217         211         215
         246         217         216         215         209
         247         216         218         209         251
         245         218         254         251         250
         119         254         253         250          88
         118         253         252          88         109
          93         252          67         109         108
          91          67          66         108          71
          91          66         575          71          70
         254         234         211         233         214
         252         211         215         214         213
         243         215         209         213         249
         244         209         251         249         248
         127         251         250         248          94
         119         250          88          94          93
         117          88         109          93          89
         116         109         108          89         107
          92         108          71         107          69
          87          71          70          69          63
         241         233         214         232         247
         240         214         213         247         246
         242         213         249         246         245
         123         249         248         245          91
         127         248          94          91          90
         126          94          93          90          92
         114          93          89          92          87
         115          89         107          87         106
          83         107          69         106          65
          87          69          63          65          64
         188         232         247         258         244
         121         247         246         244         100
         122         246         245         100          99
         123         245          91          99          98
         125          91          90          98          97
         124          90          92          97          96
         112          92          87          96          95
         113          87         106          95         105
          82         106          65         105          76
          81          65          64          76          75
          15         258         244         259         122
         120         244         100         122         121
          98         100          99         121          77
          99          99          98          77          79
         103          98          97          79          78
         103          97          96          78          86
         107          96          95          86          80
         106          95         105          80         104
          79         105          76         104          58
          78          76          75          58          74
          15         259         122         260           3
          14         122         121           3         120
          96         121          77         120         119
          97          77          79         119         118
         101          79          78         118          84
         102          78          86          84          85
         107          86          80          85          83
         105          80         104          83         103
          79         104          58         103          62
          77          58          74          62          59
          13         260           3         261           8
          12           3         120           8           7
           8         120         119           7           6
          10         119         118           6         117
         100         118          84         117         116
         111          84          85         116          81
         110          85          83          81          82
         104          83         103          82         102
          67         103          62         102          61
          76          62          59          61          60
           0         261           8         262           5
           9           8           7           5           4
           5           7           6           4          18
          11           6         117          18          19
          27         117         116          19         115
         111         116          81         115         114
         109          81          82         114         113
         108          82         102         113         101
          66         102          61         101          56
          65          61          60          56         566
           3         262           5          53           2
           7           5           4           2           1
           4           4          18           1          17
          27          18          19          17          13
          29          19         115          13          12
          28         115         114          12          16
          31         114         113          16         112
          71         113         101         112         111
          71         101          56         111          55
          69          56         566          55         565
           2          53           2          54          52
           7           2           1          52          51
           6           1          17          51          50
          26          17          13          50          49
          25          13          12          49          11
          31          12          16          11          15
          23          16         112          15           9
          22         112         111           9         110
          70         111          55         110         584
          68          55         565         584         583
          58          54          52          32          44
          43          52          51          44          25
          43          51          50          25          22
          41          50          49          22          48
          24          49          11          48          47
          30          11          15          47          14
          23          15           9          14          10
          21           9         110          10         581
          20         110         584         581         582
         423         584         583         582         424
          59          32          44          33          43
          47          44          25          43          24
          42          25          22          24          29
          40          22          48          29          28
          39          48          47          28          46
          16          47          14          46          45
          18          14          10          45         579
          19          10         581         579         580
         424         581         582         580         438
         425         582         424         438         421
          60          33          43          35          42
          47          43          24          42          23
          46          24          29          23          27
          38          29          28          27          21
          39          28          46          21          20
          37          46          45          20         577
          17          45         579         577         578
         447         579         580         578         429
         447         580         438         429         437
         427         438         421         437         420
          48          35          42          36          41
          45          42          23          41          39
          44          23          27          39          26
          34          27          21          26         563
          35          21          20         563         564
          36          20         577         564         576
         445         577         578         576         433
         444         578         429         433         430
         446         429         437         430         436
         427         437         420         436         435
          80          75          64          74          73
          86          64          63          73          72
          85          63          70          72         572
          90          70         575         572         573
         463         575         574         573         450
         462         574         585         450         455
         453         585         448         455         454
         452         448         469         454         449
         448         469         471         449         468
         464         471         456         468         464
          74          74          73          59          57
          75          73          72          57         570
          84          72         572         570         571
         487         572         573         571         501
         463         573         450         501         500
         461         450         455         500         451
         459         455         454         451         453
         450         454         449         453         452
         449         449         468         452         467
         473         468         464         467         462
          72          59          57          60         568
          73          57         570         568         569
         486         570         571         569         473
         487         571         501         473         479
         485         501         500         479         499
         460         500         451         499         498
         458         451         453         498         497
         457         453         452         497         465
         451         452         467         465         466
         479         467         462         466         461
          64          60         568         566         567
         483         568         569         567         514
         482         569         473         514         472
         484         473         479         472         478
         495         479         499         478         476
         495         499         498         476         474
         493         498         497         474         496
         456         497         465         496         495
         478         465         466         495         494
         479         466         461         494         493
         421         566         567         565         418
         419         567         514         418         513
         481         514         472         513         512
         480         472         478         512         477
         491         478         476         477         475
         494         476         474         475         490
         492         474         496         490         491
         503         496         495         491         481
         499         495         494         481         480
         498         494         493         480         492
         420         565         418         583         417
         418         418         513         417         416
         417         513         512         416         511
         490         512         477         511         510
         491         477         475         510         509
         489         475         490         509         489
         501         490         491         489         488
         503         491         481         488         487
         502         481         480         487         485
         497         480         492         485         540
         423         583         417         424         423
         422         417         416         423         447
         416         416         511         447         446
         399         511         510         446         398
         399         510         509         398         508
         488         509         489         508         507
         500         489         488         507         486
         507         488         487         486         482
         507         487         485         482         484
         511         485         540         484         539
         426         424         423         421         422
         429         423         447         422         445
         394         447         446         445         396
         395         446         398         396         397
         398         398         508         397         399
         397         508         507         399         506
         505         507         486         506         505
         504         486         482         505         504
         506         482         484         504         483
         511         484         539         483         538
         431         421         422         420         419
         428         422         445         419         444
         392         445         396         444         415
         393         396         397         415         414
         396         397         399         414         413
         391         399         506         413         394
         389         506         505         394         395
         388         505         504         395         503
         509         504         483         503         502
         510         483         538         502         537
         431         420         419         435         434
         430         419         444         434         443
         403         444         415         443         402
         402         415         414         402         401
         401         414         413         401         412
         391         413         394         412         411
         390         394         395         411         410
         386         395         503         410         393
         387         503         502         393         536
         508         502         537         536         535
         443         435         434         436         428
         443         434         443         428         442
         407         443         402         442         400
         407         402         401         400         408
         400         401         412         408         409
         415         412         411         409         404
         415         411         410         404         534
         384         410         393         534         533
         385         393         536         533         532
         343         536         535         532         391
         441         436         428         430         432
         442         428         442         432         441
         405         442         400         441         406
         406         400         408         406         407
         409         408         409         407         405
         413         409         404         405         531
         414         404         534         531         530
         269         534         533         530         276
         266         533         532         276         274
         267         532         391         274         390
         440         430         432         433         431
         439         432         441         431         440
         404         441         406         440         439
         411         406         407         439         403
         408         407         405         403         529
         412         405         531         529         528
         271         531         530         528         275
         268         530         276         275         280
         264         276         274         280         279
         265         274         390         279         389
         438         433         431         576         427
         439         431         440         427         426
         437         440         439         426         527
         411         439         403         527         526
         410         403         529         526         525
         277         529         528         525         291
         271         528         275         291         278
         270         275         280         278         277
         263         280         279         277         272
         262         279         389         272         388
         434         576         427         564         425
         435         427         426         425         524
         436         426         527         524         523
         279         527         526         523         288
         279         526         525         288         282
         276         525         291         282         290
         259         291         278         290         289
         258         278         277         289         273
         263         277         272         273         326
         261         272         388         326         325
         432         564         425         563         562
         433         425         524         562         522
         287         524         523         522         285
         286         523         288         285         287
         278         288         282         287         286
         274         282         290         286         281
         275         290         289         281         323
         257         289         273         323         322
         256         273         326         322         324
         311         326         325         324         301
          32         563         562          26         561
         285         562         522         561         560
         287         522         285         560         284
         283         285         287         284         283
         283         287         286         283         320
         272         286         281         320         319
         273         281         323         319         321
         293         323         322         321         313
         309         322         324         313         312
         308         324         301         312         302
          33          26         561          39          40
          53         561         560          40         559
         284         560         284         559         558
         281         284         283         558         317
         282         283         320         317         318
         295         320         319         318         293
         295         319         321         293         299
         292         321         313         299         300
         297         313         312         300         311
         306         312         302         311         308
          50          39          40          41          31
          52          40         559          31          30
          54         559         558          30         557
         280         558         317         557         556
         290         317         318         556         292
         291         318         293         292         297
         294         293         299         297         298
         299         299         300         298         294
         296         300         311         294         310
         307         311         308         310         309
          49          41          31          36          37
          51          31          30          37         270
          55          30         557         270         271
         137         557         556         271         555
         288         556         292         555         554
         289         292         297         554         595
         302         297         298         595         295
         299         298         294         295         296
         298         294         310         296         316
         313         310         309         316         306
         343         535         537         391         335
         341         537         538         335         343
         351         538         539         343         338
         350         539         540         338         521
         496         540         492         521         520
         477         492         493         520         519
         476         493         461         519         518
         475         461         462         518         460
         472         462         464         460         463
         465         464         456         463         459
         342         391         335         390         336
         340         335         343         336         342
         351         343         338         342         340
         349         338         521         340         339
         348         521         520         339         349
         327         520         519         349         327
         327         519         518         327         517
         475         518         460         517         516
         474         460         463         516         515
         468         463         459         515         541
         338         390         336         389         334
         339         336         342         334         341
         347         342         340         341         337
         345         340         339         337         348
         344         339         349         348         347
         325         349         327         347         378
         326         327         517         378         379
         363         517         516         379         352
         361         516         515         352         354
         360         515         541         354         542
         336         389         334         388         387
         337         334         341         387         346
         347         341         337         346         345
         346         337         348         345         344
         320         348         347         344         328
         324         347         378         328         377
         357         378         379         377         358
         363         379         352         358         357
         362         352         354         357         353
         367         354         542         353         593
         260         388         387         325         386
         335         387         346         386         329
         333         346         345         329         332
         332         345         344         332         333
         322         344         328         333         375
         321         328         377         375         376
         359         377         358         376         351
         356         358         357         351         356
         365         357         353         356         355
         366         353         593         355         553
         311         325         386         301         385
         335         386         329         385         331
         334         329         332         331         330
         331         332         333         330         373
         323         333         375         373         374
         358         375         376         374         370
         359         376         351         370         369
         354         351         356         369         350
         355         356         355         350         552
         364         355         553         552         551
         310         301         385         302         384
         329         385         331         384         383
         328         331         330         383         371
         330         330         373         371         372
         375         373         374         372         359
         374         374         370         359         361
         368         370         369         361         368
         352         369         350         368         550
         353         350         552         550         549
         215         552         551         549         192
         304         302         384         308         307
         305         384         383         307         382
         379         383         371         382         362
         379         371         372         362         367
         375         372         359         367         366
         373         359         361         366         360
         370         361         368         360         548
         369         368         550         548         547
         214         550         549         547         186
         215         549         192         186         185
         315         308         307         309         303
         315         307         382         303         381
         377         382         362         381         363
         378         362         367         363         364
         381         367         366         364         365
         372         366         360         365         546
         371         360         548         546         545
         213         548         547         545         194
         212         547         186         194         193
         210         186         185         193         199
         312         309         303         306         305
         314         303         381         305         380
         376         381         363         380         392
         383         363         364         392         601
         382         364         365         601         544
         380         365         546         544         543
         145         546         545         543         231
         201         545         194         231         243
         200         194         193         243         182
         202         193         199         182         181
