         216         218           7         128         864         218           0
          59          58          75          63         214
          59          75         218         214         216
          93         218         217         216         116
          95         217         215         116         115
          95         215         129         115         128
          71         129          93         128          94
          62          63         214         212         213
          92         214         216         213         117
          93         216         116         117         122
          94         116         115         122         121
          94         115         128         121         127
          69         128          94         127         104
          90         212         213         211         114
          91         213         117         114         120
          91         117         122         120         119
          87         122         121         119         108
          87         121         127         108         126
          68         127         104         126         125
          89         211         114         210         113
          90         114         120         113         118
          85         120         119         118         109
          86         119         108         109         112
          86         108         126         112         111
          83         126         125         111         124
          89         210         113         182         181
          88         113         118         181         180
          85         118         109         180         179
          84         109         112         179         110
          81         112         111         110         107
          83         111         124         107         123
         127         182         181         150         154
         127         181         180         154         153
         123         180         179         153         178
          80         179         110         178         167
          81         110         107         167         168
          82         107         123         168         169
          71          93          96          94          95
          65          96         209          95          92
          67         209         208          92         106
          66         208         207         106         206
           9         207          76         206         205
          11          76           5         205           6
          69          94          95         104         103
          64          95          92         103         102
          67          92         106         102         105
          75         106         206         105          97
          75         206         205          97         204
           9         205           6         204         203
          79         104         103         125          99
          79         103         102          99         101
          73         102         105         101          98
          74         105          97          98         176
          74          97         204         176         177
         103         204         203         177         202
          78         125          99         124         100
          78          99         101         100         174
          73         101          98         174         173
          72          98         176         173         175
         102         176         177         175         131
         103         177         202         131         201
          77         124         100         123         171
          76         100         174         171         172
         107         174         173         172         139
         110         173         175         139         144
         102         175         131         144         143
         101         131         201         143         133
          77         123         171         169         170
         105         171         172         170         134
         107         172         139         134         138
         111         139         144         138         136
         110         144         143         136         142
         100         143         133         142         132
         104         169         170         168         166
         105         170         134         166         165
         106         134         138         165         137
         111         138         136         137         135
         109         136         142         135         141
          99         142         132         141         130
         122         168         166         167         159
         119         166         165         159         164
         106         165         137         164         163
         108         137         135         163         162
         109         135         141         162         140
          97         141         130         140         200
         122         167         159         178         158
         119         159         164         158         157
         118         164         163         157         145
         118         163         162         145         161
          96         162         140         161         160
          97         140         200         160         199
         123         178         158         153         149
         121         158         157         149         156
         117         157         145         156         148
         116         145         161         148         147
         115         161         160         147         198
         114         160         199         198         197
         120         153         149         154         152
         121         149         156         152         155
         117         156         148         155         146
         113         148         147         146         196
         115         147         198         196         195
          31         198         197         195          23
         126         154         152         150         151
         125         152         155         151         194
         112         155         146         194         193
         113         146         196         193         192
          29         196         195         192          25
          29         195          23          25          24
          99         132         133         130         191
         101         133         201         191         190
           7         201         202         190           2
           7         202         203           2          15
           8         203           6          15          10
          11           6           5          10           9
          98         130         191         200         189
           5         191         190         189           4
           6         190           2           4           3
           6           2          15           3          14
          13          15          10          14           7
          12          10           9           7           8
           4         200         189         199          37
           5         189           4          37          36
           3           4           3          36           1
           2           3          14           1          13
          13          14           7          13          12
          14           7           8          12          80
          30         199          37         197          30
          30          37          36          30          35
           3          36           1          35          34
           1           1          13          34          33
           1          13          12          33          11
          15          12          80          11          81
          31         197          30          23          29
          21          30          35          29          17
          21          35          34          17          16
          20          34          33          16          32
           0          33          11          32          31
          15          11          81          31          82
          28          23          29          24          28
          22          29          17          28          27
          23          17          16          27          20
          23          16          32          20          19
          19          32          31          19          91
          18          31          82          91          90
          27          24          28          25          21
          27          28          27          21          26
          22          27          20          26          18
          17          20          19          18          88
          19          19          91          88          89
          54          91          90          89          74
          26          25          21         192          22
          26          21          26          22          86
          16          26          18          86          85
          17          18          88          85          87
          55          88          89          87          56
          54          89          74          56          73
          25         192          22         193          83
          24          22          86          83          84
          49          86          85          84          54
          49          85          87          54          57
          53          87          56          57          55
          55          56          73          55          72
          25         193          83         194         188
          51          83          84         188          68
          50          84          54          68          67
          48          54          57          67          66
          53          57          55          66          65
          52          55          72          65          64
         125         194         188         151         187
          51         188          68         187         186
          61          68          67         186          60
          60          67          66          60          61
          63          66          65          61          62
          57          65          64          62          59
         126         151         187         150         182
         124         187         186         182         210
          61         186          60         210         211
          63          60          61         211         212
          62          61          62         212          63
          58          62          59          63          58
          42          90          82          74          43
          43          82          81          43          48
          43          81          80          48          79
          14          80           8          79          78
          10           8           9          78          77
          10           9           5          77          76
          41          74          43          73          42
          42          43          48          42          47
          47          48          79          47          44
          47          79          78          44          53
          39          78          77          53          40
          39          77          76          40         207
          41          73          42          72          71
          40          42          47          71          46
          46          47          44          46          45
          46          44          53          45          52
          38          53          40          52          41
          38          40         207          41         208
          56          72          71          64          70
          45          71          46          70          51
          45          46          45          51          50
          44          45          52          50          49
          37          52          41          49         185
          36          41         208         185         209
          57          64          70          59          69
          33          70          51          69          39
          35          51          50          39          38
          35          50          49          38         183
          37          49         185         183         184
          65         185         209         184          96
          58          59          69          58          75
          33          69          39          75         218
          32          39          38         218         217
          34          38         183         217         215
          70         183         184         215         129
          70         184          96         129          93
