         400         441           8         256        1600         441           0
         235          20          19         365         364
         235          19         371         364         370
         238         371         368         370         367
         237         368          18         367         366
         237          18         400         366         399
         251         400          17         399         384
         251          17         390         384         389
         254         390         387         389         386
         253         387          16         386         385
         253          16         420         385         419
         171         420          15         419         271
         171          15         277         271         276
         174         277         274         276         273
         173         274          14         273         272
         173          14         309         272         308
         187         309          13         308         291
         187          13         298         291         297
         190         298         295         297         294
         189         295          12         294         293
         189          12          11         293         292
         233         365         364          10         363
         234         364         370         363         369
         239         370         367         369         377
         238         367         366         377         376
         236         366         399         376         398
         249         399         384         398         383
         250         384         389         383         388
         255         389         386         388         395
         254         386         385         395         394
         252         385         419         394         418
         169         419         271         418         270
         170         271         276         270         275
         175         276         273         275         282
         174         273         272         282         281
         172         272         308         281         307
         185         308         291         307         290
         186         291         297         290         296
         191         297         294         296         304
         190         294         293         304         303
         188         293         292         303         302
         233          10         363         375         374
         232         363         369         374         373
         239         369         377         373         372
         227         377         376         372         359
         227         376         398         359         397
         249         398         383         397         393
         248         383         388         393         392
         255         388         395         392         391
         243         395         394         391         379
         243         394         418         379         417
         169         418         270         417         280
         168         270         275         280         279
         175         275         282         279         278
         163         282         281         278         266
         163         281         307         266         306
         185         307         290         306         301
         184         290         296         301         300
         191         296         304         300         299
         179         304         303         299         286
         179         303         302         286         283
         229         375         374           9         361
         231         374         373         361         360
         231         373         372         360         362
         225         372         359         362         358
         226         359         397         358         396
         245         397         393         396         381
         247         393         392         381         380
         247         392         391         380         382
         241         391         379         382         378
         242         379         417         378         416
         165         417         280         416         268
         167         280         279         268         267
         167         279         278         267         269
         161         278         266         269         265
         162         266         306         265         305
         181         306         301         305         288
         183         301         300         288         287
         183         300         299         287         289
         177         299         286         289         285
         178         286         283         285         284
         229           9         361         410         409
         228         361         360         409         408
         230         360         362         408         407
         225         362         358         407         406
         224         358         396         406         405
         245         396         381         405         404
         244         381         380         404         403
         246         380         382         403         402
         241         382         378         402         401
         240         378         416         401         415
         165         416         268         415         319
         164         268         267         319         318
         166         267         269         318         317
         161         269         265         317         316
         160         265         305         316         315
         181         305         288         315         314
         180         288         287         314         313
         182         287         289         313         312
         177         289         285         312         311
         176         285         284         311         310
         203         410         409         327         326
         203         409         408         326         331
         206         408         407         331         329
         205         407         406         329         328
         205         406         405         328         357
         219         405         404         357         344
         219         404         403         344         348
         222         403         402         348         346
         221         402         401         346         345
         221         401         415         345         414
         139         415         319         414         231
         139         319         318         231         235
         142         318         317         235         233
         141         317         316         233         232
         141         316         315         232         264
         155         315         314         264         249
         155         314         313         249         254
         158         313         312         254         252
         157         312         311         252         251
         157         311         310         251         250
         201         327         326           8         325
         202         326         331         325         330
         207         331         329         330         337
         206         329         328         337         336
         204         328         357         336         356
         217         357         344         356         343
         218         344         348         343         347
         223         348         346         347         353
         222         346         345         353         352
         220         345         414         352         413
         137         414         231         413         230
         138         231         235         230         234
         143         235         233         234         240
         142         233         232         240         239
         140         232         264         239         263
         153         264         249         263         248
         154         249         254         248         253
         159         254         252         253         260
         158         252         251         260         259
         156         251         250         259         258
         201           8         325         335         334
         200         325         330         334         333
         207         330         337         333         332
         195         337         336         332         321
         195         336         356         321         355
         217         356         343         355         351
         216         343         347         351         350
         223         347         353         350         349
         211         353         352         349         339
         211         352         413         339         412
         137         413         230         412         238
         136         230         234         238         237
         143         234         240         237         236
         131         240         239         236         226
         131         239         263         226         262
         153         263         248         262         257
         152         248         253         257         256
         159         253         260         256         255
         147         260         259         255         244
         147         259         258         244         241
         197         335         334           7         323
         199         334         333         323         322
         199         333         332         322         324
         193         332         321         324         320
         194         321         355         320         354
         213         355         351         354         341
         215         351         350         341         340
         215         350         349         340         342
         209         349         339         342         338
         210         339         412         338         411
         133         412         238         411         228
         135         238         237         228         227
         135         237         236         227         229
         129         236         226         229         225
         130         226         262         225         261
         149         262         257         261         246
         151         257         256         246         245
         151         256         255         245         247
         145         255         244         247         243
         146         244         241         243         242
         197           7         323         441         440
         196         323         322         440         439
         198         322         324         439         438
         193         324         320         438         437
         192         320         354         437         436
         213         354         341         436         435
         212         341         340         435         434
         214         340         342         434         433
         209         342         338         433         432
         208         338         411         432         431
         133         411         228         431         430
         132         228         227         430         429
         134         227         229         429         428
         129         229         225         428         427
         128         225         261         427         426
         149         261         246         426         425
         148         246         245         425         424
         150         245         247         424         423
         145         247         243         423         422
         144         243         242         422         421
         107         441         440         174         173
         107         440         439         173         178
         110         439         438         178         176
         109         438         437         176         175
         109         437         436         175         204
         123         436         435         204         191
         123         435         434         191         195
         126         434         433         195         193
         125         433         432         193         192
         125         432         431         192         224
          43         431         430         224          76
          43         430         429          76          80
          46         429         428          80          78
          45         428         427          78          77
          45         427         426          77         109
          59         426         425         109          94
          59         425         424          94          99
          62         424         423          99          97
          61         423         422          97          96
          61         422         421          96          95
         105         174         173           6         172
         106         173         178         172         177
         111         178         176         177         184
         110         176         175         184         183
         108         175         204         183         203
         121         204         191         203         190
         122         191         195         190         194
         127         195         193         194         200
         126         193         192         200         199
         124         192         224         199         223
          41         224          76         223          75
          42          76          80          75          79
          47          80          78          79          85
          46          78          77          85          84
          44          77         109          84         108
          57         109          94         108          93
          58          94          99          93          98
          63          99          97          98         105
          62          97          96         105         104
          60          96          95         104         103
         105           6         172         182         181
         104         172         177         181         180
         111         177         184         180         179
          99         184         183         179         168
          99         183         203         168         202
         121         203         190         202         198
         120         190         194         198         197
         127         194         200         197         196
         115         200         199         196         186
         115         199         223         186         222
          41         223          75         222          83
          40          75          79          83          82
          47          79          85          82          81
          35          85          84          81          71
          35          84         108          71         107
          57         108          93         107         102
          56          93          98         102         101
          63          98         105         101         100
          51         105         104         100          89
          51         104         103          89          86
         101         182         181           5         170
         103         181         180         170         169
         103         180         179         169         171
          97         179         168         171         167
          98         168         202         167         201
         117         202         198         201         188
         119         198         197         188         187
         119         197         196         187         189
         113         196         186         189         185
         114         186         222         185         221
          37         222          83         221          73
          39          83          82          73          72
          39          82          81          72          74
          33          81          71          74          70
          34          71         107          70         106
          53         107         102         106          91
          55         102         101          91          90
          55         101         100          90          92
          49         100          89          92          88
          50          89          86          88          87
         101           5         170         214         213
         100         170         169         213         212
         102         169         171         212         211
          97         171         167         211         210
          96         167         201         210         209
         117         201         188         209         208
         116         188         187         208         207
         118         187         189         207         206
         113         189         185         206         205
         112         185         221         205         220
          37         221          73         220         119
          36          73          72         119         118
          38          72          74         118         117
          33          74          70         117         116
          32          70         106         116         115
          53         106          91         115         114
          52          91          90         114         113
          54          90          92         113         112
          49          92          88         112         111
          48          88          87         111         110
          75         214         213         131         130
          75         213         212         130         135
          78         212         211         135         133
          77         211         210         133         132
          77         210         209         132         166
          91         209         208         166         152
          91         208         207         152         156
          94         207         206         156         154
          93         206         205         154         153
          93         205         220         153         219
          11         220         119         219          31
          11         119         118          31          35
          14         118         117          35          33
          13         117         116          33          32
          13         116         115          32          69
          27         115         114          69          53
          27         114         113          53          58
          30         113         112          58          56
          29         112         111          56          55
          29         111         110          55          54
          73         131         130           4         129
          74         130         135         129         134
          79         135         133         134         141
          78         133         132         141         140
          76         132         166         140         165
          89         166         152         165         151
          90         152         156         151         155
          95         156         154         155         161
          94         154         153         161         160
          92         153         219         160         218
           9         219          31         218          30
          10          31          35          30          34
          15          35          33          34          40
          14          33          32          40          39
          12          32          69          39          68
          25          69          53          68          52
          26          53          58          52          57
          31          58          56          57          64
          30          56          55          64          63
          28          55          54          63          62
          73           4         129         139         138
          72         129         134         138         137
          79         134         141         137         136
          67         141         140         136         122
          67         140         165         122         164
          89         165         151         164         159
          88         151         155         159         158
          95         155         161         158         157
          83         161         160         157         144
          83         160         218         144         217
           9         218          30         217          38
           8          30          34          38          37
          15          34          40          37          36
           3          40          39          36          23
           3          39          68          23          67
          25          68          52          67          61
          24          52          57          61          60
          31          57          64          60          59
          19          64          63          59          45
          19          63          62          45          42
          69         139         138           3         126
          71         138         137         126         125
          71         137         136         125         128
          65         136         122         128         121
          66         122         164         121         163
          85         164         159         163         148
          87         159         158         148         147
          87         158         157         147         150
          81         157         144         150         143
          82         144         217         143         216
           5         217          38         216          27
           7          38          37          27          26
           7          37          36          26          29
           1          36          23          29          22
           2          23          67          22          66
          21          67          61          66          49
          23          61          60          49          48
          23          60          59          48          51
          17          59          45          51          44
          18          45          42          44          43
          69           3         126           2         123
          68         126         125         123         124
          70         125         128         124         127
          65         128         121         127         120
          64         121         163         120         162
          85         163         148         162         145
          84         148         147         145         146
          86         147         150         146         149
          81         150         143         149         142
          80         143         216         142         215
           5         216          27         215          24
           4          27          26          24          25
           6          26          29          25          28
           1          29          22          28          21
           0          22          66          21          65
          21          66          49          65          46
          20          49          48          46          47
          22          48          51          47          50
          17          51          44          50          41
          16          44          43          41           1
